git使用

１.安装git
（１）在Linux上安装Git：
	
首先，你可以试着输入git，看看系统有没有安装Git：
$ git
The program 'git' is currently not installed. You can install it by typing:
sudo apt-get install git
像上面的命令，有很多Linux会友好地告诉你Git没有安装，还会告诉你如何安装Git。
如果你碰巧用Debian或Ubuntu Linux，通过一条sudo apt-get install git就可以直接完成Git的安装，非常简单。
如果是其他Linux版本，可以直接通过源码安装。先从Git官网下载源码，然后解压，依次输入：./config，make，sudo make install这几个命令安装就好了


安装完成后，还需要最后一步设置，在命令行输入：
$ git config --global user.name "Your Name"
$ git config --global user.email "email@example.com"
因为Git是分布式版本控制系统，所以，每个机器都必须自报家门：你的名字和Email地址。你也许会担心，如果有人故意冒充别人怎么办？这个不必担心，首先我们相信大家都是善良无知的群众，其次，真的有冒充的也是有办法可查的。
注意git config命令的--global参数，用了这个参数，表示你这台机器上所有的Git仓库都会使用这个配置，当然也可以对某个仓库指定不同的用户名和Email地址。

取消上面的设置命令
git config --global --unset user.name
git config --global --unset user.email




2.创建版本库
初始化一个Git仓库，使用git init命令
添加文件到Git仓库，分两步：

第一步，使用命令git add <file>，注意，可反复多次使用，添加多个文件；
       空目录无法add,如果想add一个空目录，在它下面touch一个.gitignore文件
第二步，使用命令git commit，完成。

git status命令可以让我们时刻掌握仓库当前的状态
git diff顾名思义就是查看difference，显示的格式正是Unix通用的diff格式，可以从上面的命令输出看到，我们在第一行添加了一个“distributed”单词。


3.版本回退
git log命令显示从最近到最远的提交日志
$ git log
commit 3628164fb26d48395383f8f31179f24e0882e1e0
Author: Michael Liao <askxuefeng@gmail.com>
Date:   Tue Aug 20 15:11:49 2013 +0800

    append GPL

commit ea34578d5496d7dd233c827ed32a8cd576c5ee85
Author: Michael Liao <askxuefeng@gmail.com>
Date:   Tue Aug 20 14:53:12 2013 +0800

    add distributed

commit cb926e7ea50ad11b8f9e909c05226233bf755030
Author: Michael Liao <askxuefeng@gmail.com>
Date:   Mon Aug 19 17:51:55 2013 +0800

    wrote a readme file

如果嫌输出信息太多，看得眼花缭乱的，可以试试加上—pretty=oneline参数：

你看到的一大串类似3628164...882e1e0的是commit id（版本号）
在Git中，用HEAD表示当前版本，也就是最新的提交3628164...882e1e0（注意我的提交ID和你的肯定不一样），上一个版本就是HEAD^，上上一个版本就是HEAD^^，当然往上100个版本写100个^比较容易数不过来，所以写成HEAD~100。
将版本恢复到上个版本，需要知道commit ID
$ git reset --hard HEAD^  			or                  	$ git reset --hard 3628164

git reflog用来记录你的每一次命令：
$ git reflog
ea34578 HEAD@{0}: reset: moving to HEAD^
3628164 HEAD@{1}: commit: append GPL
ea34578 HEAD@{2}: commit: add distributed
cb926e7 HEAD@{3}: commit (initial): wrote a readme file
4.工作区和暂存区
工作区（Working Directory）
就是你在电脑里能看到的目录，比如我的learngit文件夹就是一个工作区：

版本库（Repository）
工作区有一个隐藏目录.git，这个不算工作区，而是Git的版本库。

Git的版本库里存了很多东西，其中最重要的就是称为stage（或者叫index）的暂存区，还有Git为我们自动创建的第一个分支master，以及指向master的一个指针叫HEAD。


前面讲了我们把文件往Git版本库里添加的时候，是分两步执行的：
第一步是用git add把文件添加进去，实际上就是把文件修改添加到暂存区；
第二步是用git commit提交更改，实际上就是把暂存区的所有内容提交到当前分支。
因为我们创建Git版本库时，Git自动为我们创建了唯一一个master分支，所以，现在，git commit就是往master分支上提交更改。
你可以简单理解为，需要提交的文件修改通通放到暂存区，然后，一次性提交暂存区的所有修改。

git diff    #是工作区(work dict)和暂存区(stage)的比较
git diff --cached    #是暂存区(stage)和分支(master)的比较

5.撤销修改
$ git checkout -- readme.txt
命令git checkout -- readme.txt意思就是，把readme.txt文件在工作区的修改全部撤销，这里有两种情况：
一种是readme.txt自修改后还没有被放到暂存区，现在，撤销修改就回到和版本库一模一样的状态；
一种是readme.txt已经添加到暂存区后，又作了修改，现在，撤销修改就回到添加到暂存区后的状态。
总之，就是让这个文件回到最近一次git commit或git add时的状态。





场景1：当你改乱了工作区某个文件的内容，想直接丢弃工作区的修改时，用命令git checkout -- file。
场景2：当你不但改乱了工作区某个文件的内容，还添加到了暂存区时，想丢弃修改，分两步，第一步用命令git reset HEAD file，就回到了场景1，第二步按场景1操作。
场景3：已经提交了不合适的修改到版本库时，想要撤销本次提交，参考版本回退一节，不过前提是没有推送到远程库。

6.删除文件


要从版本库中删除该文件，那就用命令git rm删掉，并且git commit

删错了，因为版本库里还有呢，所以可以很轻松地把误删的文件恢复到最新版本：
$ git checkout -- test.txt
git checkout其实是用版本库里的版本替换工作区的版本，无论工作区是修改还是删除，都可以“一键还原”。


7.添加远程库
GitHub告诉我们，可以从这个仓库克隆出新的仓库，也可以把一个已有的本地仓库与之关联，然后，把本地仓库的内容推送到GitHub仓库。

现在，我们根据GitHub的提示，在本地的learngit仓库下运行命令：
 git remote add originit https://github.com/shiminde/learngit.g

ｏｒ

$ git remote add origin git@github.com:smd984570656@126.com/learngit.git


将本地的库与远程库github关联


把本地库的内容推送到远程，用git push命令，实际上是把当前分支master推送到远程。
由于远程库是空的，我们第一次推送master分支时，加上了-u参数，Git不但会把本地的master分支内容推送的远程新的master分支，还会把本地的master分支和远程的master分支关联起来，在以后的推送或者拉取时就可以简化命令。

从现在起，只要本地作了提交，就可以通过命令：
$ git push origin master(分支名)　

取消本地目录下关联的远程库：
git remote remove origin

8.克隆仓库
在github上创建新的仓库,知道仓库的地址,在命令行使用,
git clone https://github.com/shiminde/gitskills.git
即可

9.分支管理
查看分支：git branch
创建分支：git branch <name>
切换分支：git checkout <name>
创建+切换分支：git checkout -b <name>
合并某分支到当前分支：git merge <name>
删除分支：git branch -d <name>
合并时readme.txt文件存在冲突，必须手动解决冲突后再提交。git status也可以告诉我们冲突的文件
支持查看冲突文件,
Git用<<<<<<<，=======，>>>>>>>标记出不同分支的内容，我们修改后保存
$ git add readme.txt 
$ git commit -m "conflict fixed"
即可

$ g用带参数的git log也可以看到分支的合并情况it log --graph --pretty=oneline –abbrev-commit


分支管理策略
通常，合并分支时，如果可能，Git会用Fast forward模式，但这种模式下，删除分支后，会丢掉分支信息。
$ git merge --no-ff -m "merge with no-ff" dev　　　　　请注意--no-ff参数，表示禁用Fast forward：

合并后，我们用git log看看分支历史：

分支策略
在实际开发中，我们应该按照几个基本原则进行分支管理：
首先，master分支应该是非常稳定的，也就是仅用来发布新版本，平时不能在上面干活；
那在哪干活呢？干活都在dev分支上，也就是说，dev分支是不稳定的，到某个时候，比如1.0版本发布时，再把dev分支合并到master上，在master分支发布1.0版本；
你和你的小伙伴们每个人都在dev分支上干活，每个人都有自己的分支，时不时地往dev分支上合并就可以了。
所以，团队合作的分支看起来就像这样：





Bug分支
在其他分支开发到一半时突然需要修复其他的bug
Git还提供了一个stash功能，可以把当前工作现场“储藏”起来，等以后恢复现场后继续工作
$ git stash
Saved working directory and index state WIP on dev: 6224937 add merge
HEAD is now at 6224937 add merge
就可以将当前工作场景隐藏起来,之后创建bug分支,解决，然后回到主的分支合并即可修复bug
然后切回之前的工作的分支
$ git stash list
stash@{0}: WIP on dev: 6224937 add merge
工作现场还在，Git把stash内容存在某个地方了，但是需要恢复一下，有两个办法：
一是用git stash apply恢复，但是恢复后，stash内容并不删除，你需要用git stash drop来删除；
另一种方式是用git stash pop，恢复的同时把stash内容也删了：
你可以多次stash，恢复的时候，先用git stash list查看，然后恢复指定的stash，用命令：
$ git stash apply stash@{0}

Feature分支
软件开发中，总有无穷无尽的新的功能要不断添加进来。
添加一个新功能时，你肯定不希望因为一些实验性质的代码，把主分支搞乱了，所以，每添加一个新功能，最好新建一个feature分支，在上面开发，完成后，合并，最后，删除该feature分支。

如果创建了分支后，因为某些原因要放弃该分支，没有合并就要删除的话需要
$ git branch -D feature-vulcan


10.多人协作
多人协作的工作模式通常是这样：
1. 首先，可以试图用git push origin branch-name推送自己的修改；
2. 如果推送失败，则因为远程分支比你的本地更新，需要先用git pull试图合并；
3. 如果合并有冲突，则解决冲突，并在本地提交；
4. 没有冲突或者解决掉冲突后，再用git push origin branch-name推送就能成功！
如果git pull提示“no tracking information”，则说明本地分支和远程分支的链接关系没有创建，用命令git branch --set-upstream branch-name origin/branch-name。

查看远程库信息，使用git remote -v；
本地新建的分支如果不推送到远程，对其他人就是不可见的；
从本地推送分支，使用git push origin branch-name，如果推送失败，先用git pull抓取远程的新提交；
在本地创建和远程分支对应的分支，使用git checkout -b branch-name origin/branch-name，本地和远程分支的名称最好一致；
建立本地分支和远程分支的关联，使用git branch --set-upstream branch-name origin/branch-name；
从远程抓取分支，使用git pull，如果有冲突，要先处理冲突。

11.标签管理
发布一个版本时，我们通常先在版本库中打一个标签（tag），这样，就唯一确定了打标签时刻的版本。将来无论什么时候，取某个标签的版本，就是把那个打标签的时刻的历史版本取出来。所以，标签也是版本库的一个快照。
Git的标签虽然是版本库的快照，但其实它就是指向某个commit的指针（跟分支很像对不对？但是分支可以移动，标签不能移动），所以，创建和删除标签都是瞬间完成的。

命令git tag <name>用于新建一个标签，默认为HEAD，也可以指定一个commit id；
git tag -a <tagname> -m "blablabla..."可以指定标签信息；
git tag -s <tagname> -m "blablabla..."可以用PGP签名标签；
命令git tag可以查看所有标签。
命令git push origin <tagname>可以推送一个本地标签；
命令git push origin --tags可以推送全部未推送过的本地标签；
命令git tag -d <tagname>可以删除一个本地标签；
命令git push origin :refs/tags/<tagname>可以删除一个远程标签。


















搭建Git服务器

在远程仓库一节中，我们讲了远程仓库实际上和本地仓库没啥不同，纯粹为了7x24小时开机并交换大家的修改。
GitHub就是一个免费托管开源代码的远程仓库。但是对于某些视源代码如生命的商业公司来说，既不想公开源代码，又舍不得给GitHub交保护费，那就只能自己搭建一台Git服务器作为私有仓库使用。
搭建Git服务器需要准备一台运行Linux的机器，强烈推荐用Ubuntu或Debian，这样，通过几条简单的apt命令就可以完成安装。
假设你已经有sudo权限的用户账号，下面，正式开始安装。
第一步，安装git：
$ sudo apt-get install git
第二步，创建一个git用户，用来运行git服务：
$ sudo adduser git
第三步，创建证书登录：
收集所有需要登录的用户的公钥，就是他们自己的id_rsa.pub文件，把所有公钥导入到/home/git/.ssh/authorized_keys文件里，一行一个。
第四步，初始化Git仓库：
先选定一个目录作为Git仓库，假定是/srv/sample.git，在/srv目录下输入命令：
$ sudo git init --bare sample.git
Git就会创建一个裸仓库，裸仓库没有工作区，因为服务器上的Git仓库纯粹是为了共享，所以不让用户直接登录到服务器上去改工作区，并且服务器上的Git仓库通常都以.git结尾。然后，把owner改为git：
$ sudo chown -R git:git sample.git
第五步，禁用shell登录：
出于安全考虑，第二步创建的git用户不允许登录shell，这可以通过编辑/etc/passwd文件完成。找到类似下面的一行：
git:x:1001:1001:,,,:/home/git:/bin/bash
改为：
git:x:1001:1001:,,,:/home/git:/usr/bin/git-shell
这样，git用户可以正常通过ssh使用git，但无法登录shell，因为我们为git用户指定的git-shell每次一登录就自动退出。
第六步，克隆远程仓库：
现在，可以通过git clone命令克隆远程仓库了，在各自的电脑上运行：
$ git clone git@server:/srv/sample.git
Cloning into 'sample'...
warning: You appear to have cloned an empty repository.
剩下的推送就简单了。

管理公钥
如果团队很小，把每个人的公钥收集起来放到服务器的/home/git/.ssh/authorized_keys文件里就是可行的。如果团队有几百号人，就没法这么玩了，这时，可以用Gitosis来管理公钥。
这里我们不介绍怎么玩Gitosis了，几百号人的团队基本都在500强了，相信找个高水平的Linux管理员问题不大。
管理权限
有很多不但视源代码如生命，而且视员工为窃贼的公司，会在版本控制系统里设置一套完善的权限控制，每个人是否有读写权限会精确到每个分支甚至每个目录下。因为Git是为Linux源代码托管而开发的，所以Git也继承了开源社区的精神，不支持权限控制。不过，因为Git支持钩子（hook），所以，可以在服务器端编写一系列脚本来控制提交等操作，达到权限控制的目的。Gitolite就是这个工具。
这里我们也不介绍Gitolite了，不要把有限的生命浪费到权限斗争中。
小结
搭建Git服务器非常简单，通常10分钟即可完成；
要方便管理公钥，用Gitosis；
要像SVN那样变态地控制权限，用Gitolite。

